------------------------------------------------------------
Timing Analyzer Summary
------------------------------------------------------------

Type  : Slow 1100mV 85C Model Setup 'KEY[0]'
Slack : -13.150
TNS   : -30618.537

Type  : Slow 1100mV 85C Model Hold 'KEY[0]'
Slack : 1.040
TNS   : 0.000

Type  : Slow 1100mV 85C Model Minimum Pulse Width 'KEY[0]'
Slack : -0.654
TNS   : -3446.631

Type  : Slow 1100mV 0C Model Setup 'KEY[0]'
Slack : -12.848
TNS   : -30054.925

Type  : Slow 1100mV 0C Model Hold 'KEY[0]'
Slack : 1.050
TNS   : 0.000

Type  : Slow 1100mV 0C Model Minimum Pulse Width 'KEY[0]'
Slack : -0.569
TNS   : -3201.222

Type  : Fast 1100mV 85C Model Setup 'KEY[0]'
Slack : -6.786
TNS   : -14987.240

Type  : Fast 1100mV 85C Model Hold 'KEY[0]'
Slack : 0.474
TNS   : 0.000

Type  : Fast 1100mV 85C Model Minimum Pulse Width 'KEY[0]'
Slack : -0.685
TNS   : -2965.959

Type  : Fast 1100mV 0C Model Setup 'KEY[0]'
Slack : -5.873
TNS   : -13021.939

Type  : Fast 1100mV 0C Model Hold 'KEY[0]'
Slack : 0.440
TNS   : 0.000

Type  : Fast 1100mV 0C Model Minimum Pulse Width 'KEY[0]'
Slack : -0.684
TNS   : -2995.721

------------------------------------------------------------
